  |                                                                                                                                                        |                                                                                                                                                |   0%  |                                                                                                                                                        |========================================================================                                                                        |  50%  |                                                                                                                                                        |================================================================================================================================================| 100%
